OPEN R1.1
R1.1 frame 0 16
R1.1 frame 10 12.399999999965075
R1.1 frame 20 9.400000000023283
R1.1 frame 30 18.900000000023283
R1.1 frame 40 17
R1.1 frame 50 13960.599999999977
R1.1 frame 60 6707.400000000023
node:internal/modules/run_main:123
    triggerUncaughtException(
    ^

page.screenshot: Timeout 90000ms exceeded.
Call log:
  - taking page screenshot
  - waiting for fonts to load...
  - fonts loaded

    at /home/runner/work/return-old-school/return-old-school/tools/m11c-c1/benchmark-mobile.mjs:24:11 {
  log: [
    '  - taking page screenshot',
    '  - waiting for fonts to load...',
    '  - fonts loaded'
  ],
  name: 'TimeoutError'
}

Node.js v22.23.2
